MPLINK 5.08, LINKER
Linker Map File - Created Mon Apr 03 12:08:14 2017

                                 Section Info
                  Section       Type    Address   Location Size(Bytes)
                ---------  ---------  ---------  ---------  ---------
                   .org_0       code   0x000000    program   0x000002
                   .cinit    romdata   0x000001    program   0x000004
                   .org_1       code   0x000004    program   0x000002
                   .org_2       code   0x000005    program   0x000040



                              Program Memory Usage 
                               Start         End      
                           ---------   ---------      
                            0x000000    0x000002      
                            0x000004    0x000024      
            36 out of 1094 program addresses used, program memory utilization is 3%



                              Symbols - Sorted by Name
                     Name    Address   Location    Storage File                     
                ---------  ---------  ---------  --------- ---------                
               INIT_COMPT   0x000022    program     static C:\Users\Aymen\MPLABXProjects\500MSToggleLedASM.X\main.asm
              INTERRUPTOR   0x000016    program     static C:\Users\Aymen\MPLABXProjects\500MSToggleLedASM.X\main.asm
                  LED_OFF   0x000020    program     static C:\Users\Aymen\MPLABXProjects\500MSToggleLedASM.X\main.asm
                   LED_ON   0x00001e    program     static C:\Users\Aymen\MPLABXProjects\500MSToggleLedASM.X\main.asm
                     LOOP   0x000015    program     static C:\Users\Aymen\MPLABXProjects\500MSToggleLedASM.X\main.asm
                    START   0x000005    program     static C:\Users\Aymen\MPLABXProjects\500MSToggleLedASM.X\main.asm



                              Symbols - Sorted by Address
                     Name    Address   Location    Storage File                     
                ---------  ---------  ---------  --------- ---------                
                    START   0x000005    program     static C:\Users\Aymen\MPLABXProjects\500MSToggleLedASM.X\main.asm
                     LOOP   0x000015    program     static C:\Users\Aymen\MPLABXProjects\500MSToggleLedASM.X\main.asm
              INTERRUPTOR   0x000016    program     static C:\Users\Aymen\MPLABXProjects\500MSToggleLedASM.X\main.asm
                   LED_ON   0x00001e    program     static C:\Users\Aymen\MPLABXProjects\500MSToggleLedASM.X\main.asm
                  LED_OFF   0x000020    program     static C:\Users\Aymen\MPLABXProjects\500MSToggleLedASM.X\main.asm
               INIT_COMPT   0x000022    program     static C:\Users\Aymen\MPLABXProjects\500MSToggleLedASM.X\main.asm


