Microchip MPLAB XC8 Compiler V1.40 ()

Linker command line:

-W-3 --edf=C:\Program Files\Microchip\xc8\v1.40\dat\en_msgs.txt -cs \
  -h+dist/default/production\DeElectroniqueC.X.production.sym \
  --cmf=dist/default/production\DeElectroniqueC.X.production.cmf -z \
  -Q16F84A -oC:\Users\Aymen\AppData\Local\Temp\s868.2 \
  -Mdist/default/production/DeElectroniqueC.X.production.map -E1 -ver=XC8 \
  -ASTACK=015h-04dh -pstack=STACK -ACODE=00h-03FFh -ASTRCODE=00h-03FFh \
  -ASTRING=00h-0FFhx4 -ACONST=00h-0FFhx4 -AENTRY=00h-0FFhx4 \
  -ABANK0=0Ch-04Dh -ARAM=0Ch-04Dh -AABS1=0Ch-04Fh -ACOMMON=04Eh-04Fh \
  -ASFR0=00h-0Bh -ASFR1=080h-0CDh -preset_vec=00h,intentry,init,end_init \
  -ppowerup=CODE -pcinit=CODE -pfunctab=CODE -ACONFIG=02007h-02007h \
  -pconfig=CONFIG -DCONFIG=2 -AIDLOC=02000h-02003h -pidloc=IDLOC -DIDLOC=2 \
  -AEEDATA=00h-03Fh/02100h -peeprom_data=EEDATA -DEEDATA=2 -DCODE=2 \
  -DSTRCODE=2 -DSTRING=2 -DCONST=2 -DENTRY=2 -k \
  C:\Users\Aymen\AppData\Local\Temp\s868.obj \
  dist/default/production\DeElectroniqueC.X.production.obj 

Object code version is 3.11

Machine type is 16F84A



                Name                               Link     Load   Length Selector   Space Scale
C:\Users\Aymen\AppData\Local\Temp\s868.obj
                end_init                              0        0        1        0       0
dist/default/production\DeElectroniqueC.X.production.obj
                cinit                               3FE      3FE        2      7FC       0
                text3                               3B2      3B2       4C      764       0
                text2                               37C      37C       36      6F8       0
                swtext1                               1        1        7        2       0
                text1                               332      332       24      664       0
                maintext                            356      356       26      6AC       0
                cstackBANK0                           C        C        9        C       1

TOTAL           Name                               Link     Load   Length     Space
        CLASS   STACK          

        CLASS   CODE           
                end_init                              0        0        1         0
                cinit                               3FE      3FE        2         0
                text3                               3B2      3B2       4C         0
                text2                               37C      37C       36         0
                text1                               332      332       24         0
                maintext                            356      356       26         0

        CLASS   STRCODE        

        CLASS   STRING         

        CLASS   CONST          
                swtext1                               1        1        7         0

        CLASS   ENTRY          

        CLASS   BANK0          
                cstackBANK0                           C        C        9         1

        CLASS   RAM            

        CLASS   ABS1           
                abs_s1                               4E       4E        2         1

        CLASS   COMMON         

        CLASS   SFR0           

        CLASS   SFR1           

        CLASS   CONFIG         

        CLASS   IDLOC          

        CLASS   EEDATA         

        CLASS   BANK1          



SEGMENTS        Name                           Load    Length   Top    Selector   Space  Class     Delta

                reset_vec                      000000  000001  000001         0       0  CODE        2
                swtext1                        000001  000007  000008         2       0  CONST       2
                cstackBANK0                    00000C  000009  000015         C       1  BANK0       1
                text1                          000332  000024  000356       664       0  CODE        2
                maintext                       000356  000026  00037C       6AC       0  CODE        2
                text2                          00037C  000036  0003B2       6F8       0  CODE        2
                text3                          0003B2  00004C  0003FE       764       0  CODE        2
                cinit                          0003FE  000002  000400       7FC       0  CODE        2


UNUSED ADDRESS RANGES

        Name                Unused          Largest block    Delta
        BANK0            015-04D            39           1
        CODE             008-331           32A           2
        CONFIG           2007-2007             1           2
        CONST            008-331           100           2
        EEDATA           2100-213F            40           2
        ENTRY            008-331           100           2
        IDLOC            2000-2003             4           2
        RAM              015-04D            39           1
        SFR0             000-00B             C           1
        SFR1             080-0CD            4E           1
        STACK            015-04D            39           1
        STRCODE          008-331           32A           2
        STRING           008-331           100           2

                                  Symbol Table

?___awmod                cstackBANK0  00C
_PORTA                   (abs)        005
_PORTB                   (abs)        006
_RA0                     (abs)        028
_TRISA                   (abs)        085
_TRISB                   (abs)        086
__Habs1                  abs1         000
__Hbank0                 bank0        000
__Hbank1                 bank1        000
__Hcinit                 cinit        400
__Hclrtext               clrtext      000
__Hcode                  code         000
__Hcommon                common       000
__Hconfig                config       000
__HcstackBANK0           cstackBANK0  000
__HcstackCOMMON          cstackCOMMON 000
__Heeprom_data           eeprom_data  000
__Hend_init              end_init     001
__Hfunctab               functab      000
__Hidloc                 idloc        000
__Hinit                  init         000
__Hintentry              intentry     000
__Hmaintext              maintext     000
__Hpowerup               powerup      000
__Hram                   ram          000
__Hreset_vec             reset_vec    000
__Hsfr0                  sfr0         000
__Hsfr1                  sfr1         000
__Hspace_0               (abs)        400
__Hspace_1               (abs)        015
__Hspace_2               (abs)        000
__Hspace_3               (abs)        000
__Hstack                 stack        000
__Hstrings               strings      000
__Htext                  text         000
__Labs1                  abs1         000
__Lbank0                 bank0        000
__Lbank1                 bank1        000
__Lcinit                 cinit        3FE
__Lclrtext               clrtext      000
__Lcode                  code         000
__Lcommon                common       000
__Lconfig                config       000
__LcstackBANK0           cstackBANK0  000
__LcstackCOMMON          cstackCOMMON 000
__Leeprom_data           eeprom_data  000
__Lend_init              end_init     000
__Lfunctab               functab      000
__Lidloc                 idloc        000
__Linit                  init         000
__Lintentry              intentry     000
__Lmaintext              maintext     000
__Lpowerup               powerup      000
__Lram                   ram          000
__Lreset_vec             reset_vec    000
__Lsfr0                  sfr0         000
__Lsfr1                  sfr1         000
__Lspace_0               (abs)        000
__Lspace_1               (abs)        000
__Lspace_2               (abs)        000
__Lspace_3               (abs)        000
__Lstack                 stack        000
__Lstrings               strings      000
__Ltext                  text         000
__S0                     (abs)        400
__S1                     (abs)        015
__S2                     (abs)        000
__S3                     (abs)        000
___awmod                 text3        3B2
___awmod@counter         cstackBANK0  011
___awmod@dividend        cstackBANK0  00E
___awmod@divisor         cstackBANK0  00C
___awmod@sign            cstackBANK0  012
___int_sp                stack        000
___latbits               (abs)        000
___sp                    stack        000
__end_of___awmod         text3        3FE
__end_of__initialization cinit        3FE
__end_of_attente         text2        3B2
__end_of_main            maintext     37C
__end_of_show            text1        356
__initialization         cinit        3FE
__pcstackBANK0           cstackBANK0  00C
__pcstackCOMMON          cstackCOMMON 000
__pmaintext              maintext     356
__pswtext1               swtext1      001
__ptext1                 text1        332
__ptext2                 text2        37C
__ptext3                 text3        3B2
__size_of___awmod        (abs)        000
__size_of_attente        (abs)        000
__size_of_main           (abs)        000
__size_of_show           (abs)        000
_attente                 text2        37C
_main                    maintext     356
_show                    text1        332
attente@i                cstackBANK0  00C
attente@j                cstackBANK0  00E
btemp                    (abs)        04E
end_of_initialization    cinit        3FE
intlevel0                functab      000
intlevel1                functab      000
intlevel2                functab      000
intlevel3                functab      000
intlevel4                functab      000
intlevel5                functab      000
main@i                   cstackBANK0  013
reset_vec                reset_vec    000
show@i                   cstackBANK0  010
stackhi                  (abs)        000
stacklo                  (abs)        000
start                    init         000
start_initialization     cinit        3FE
wtemp0                   (abs)        04E


FUNCTION INFORMATION:

 *************** function _main *****************
 Defined at:
		line 14 in file "main.c"
 Parameters:    Size  Location     Type
		None
 Auto vars:     Size  Location     Type
  i               2    7[BANK0 ] int 
 Return value:  Size  Location     Type
                  1    wreg      void 
 Registers used:
		wreg, fsr0l, fsr0h, status,2, status,0, btemp+1, pclath, cstack
 Tracked objects:
		On entry : 
		On exit  : 
		Unchanged: 
 Data sizes:     COMMON   BANK0
      Params:         0       0
      Locals:         0       2
      Temps:          0       0
      Totals:         0       2
Total ram usage:        2 bytes
 Hardware stack levels required when called:    2
 This function calls:
		___awmod
		_show
 This function is called by:
		Startup code after reset
 This function uses a non-reentrant model


 *************** function _show *****************
 Defined at:
		line 34 in file "main.c"
 Parameters:    Size  Location     Type
  i               2    4[BANK0 ] int 
 Auto vars:     Size  Location     Type
		None
 Return value:  Size  Location     Type
                  1    wreg      void 
 Registers used:
		wreg, fsr0l, fsr0h, status,2, status,0, btemp+1, pclath, cstack
 Tracked objects:
		On entry : 
		On exit  : 
		Unchanged: 
 Data sizes:     COMMON   BANK0
      Params:         0       2
      Locals:         0       0
      Temps:          0       0
      Totals:         0       2
Total ram usage:        2 bytes
 Hardware stack levels used:    1
 Hardware stack levels required when called:    1
 This function calls:
		_attente
 This function is called by:
		_main
 This function uses a non-reentrant model


 *************** function _attente *****************
 Defined at:
		line 62 in file "main.c"
 Parameters:    Size  Location     Type
		None
 Auto vars:     Size  Location     Type
  j               2    2[BANK0 ] int 
  i               2    0[BANK0 ] int 
 Return value:  Size  Location     Type
                  1    wreg      void 
 Registers used:
		wreg, status,2, btemp+1
 Tracked objects:
		On entry : 
		On exit  : 
		Unchanged: 
 Data sizes:     COMMON   BANK0
      Params:         0       0
      Locals:         0       4
      Temps:          0       0
      Totals:         0       4
Total ram usage:        4 bytes
 Hardware stack levels used:    1
 This function calls:
		Nothing
 This function is called by:
		_show
 This function uses a non-reentrant model


 *************** function ___awmod *****************
 Defined at:
		line 6 in file "C:\Program Files\Microchip\xc8\v1.40\sources\common\awmod.c"
 Parameters:    Size  Location     Type
  divisor         2    0[BANK0 ] int 
  dividend        2    2[BANK0 ] int 
 Auto vars:     Size  Location     Type
  sign            1    6[BANK0 ] unsigned char 
  counter         1    5[BANK0 ] unsigned char 
 Return value:  Size  Location     Type
                  2    0[BANK0 ] int 
 Registers used:
		wreg, status,2, status,0
 Tracked objects:
		On entry : 
		On exit  : 
		Unchanged: 
 Data sizes:     COMMON   BANK0
      Params:         0       4
      Locals:         0       2
      Temps:          0       1
      Totals:         0       7
Total ram usage:        7 bytes
 Hardware stack levels used:    1
 This function calls:
		Nothing
 This function is called by:
		_main
 This function uses a non-reentrant model



MODULE INFORMATION

Module		Function		Class		Link	Load	Size
C:\Program Files\Microchip\xc8\v1.40\sources\common\awmod.c
		___awmod       		CODE           	03B2	0000	77

C:\Program Files\Microchip\xc8\v1.40\sources\common\awmod.c estimated size: 77

shared
		__initialization		CODE           	03FE	0000	1

shared estimated size: 1

main.c
		_main          		CODE           	0356	0000	39
		_show          		CODE           	0332	0000	37
		_attente       		CODE           	037C	0000	55

main.c estimated size: 131

